// Jest Snapshot v1, https://goo.gl/fbAQLP

exports[`SearchPageWithList matches snapshot 1`] = `
<Page
  description="SearchPage.schemaDescription"
  schema={
    Object {
      "@context": "http://schema.org",
      "@type": "SearchResultsPage",
      "description": "SearchPage.schemaDescription",
      "mainEntity": Array [
        "{\\"@type\\":\\"ItemList\\",\\"name\\":\\"SearchPage.schemaForSearch\\",\\"itemListOrder\\":\\"http://schema.org/ItemListOrderAscending\\",\\"itemListElement\\":[]}",
      ],
      "name": "SearchPage.schemaTitle",
    }
  }
  scrollingDisabled={false}
  title="SearchPage.schemaTitle"
>
  <withRouter(Connect(TopbarContainerComponent))
    className="topbar"
    currentPage="SearchPage"
    currentSearchParams={Object {}}
  />
  <div
    className="layoutWrapperContainer"
  >
    <aside
      className="layoutWrapperFilterColumn"
    >
      <div
        className="filterColumnContent"
      >
        <FilterComponent
          className="filter"
          filterConfig={
            Object {
              "config": Object {
                "options": Array [
                  Object {
                    "key": "antique",
                    "label": "Antique",
                  },
                  Object {
                    "key": "contemporary",
                    "label": "Contemporary",
                  },
                  Object {
                    "key": "mid-century-modern",
                    "label": "Mid-Century Modern",
                  },
                  Object {
                    "key": "modern",
                    "label": "Modern",
                  },
                  Object {
                    "key": "traditional",
                    "label": "Traditional",
                  },
                  Object {
                    "key": "vintage",
                    "label": "Vintage",
                  },
                ],
                "schemaType": "enum",
              },
              "group": "primary",
              "id": "style",
              "label": "Style",
              "queryParamNames": Array [
                "pub_style",
              ],
              "type": "SelectSingleFilter",
            }
          }
          getHandleChangedValueFn={[Function]}
          idPrefix="SearchFiltersMobile"
          initialValues={[Function]}
          isDesktop={true}
          key="SearchFiltersMobile.style"
          liveEdit={true}
          showAsPopup={false}
          urlQueryParams={Object {}}
        />
        <FilterComponent
          className="filter"
          filterConfig={
            Object {
              "config": Object {
                "options": Array [
                  Object {
                    "key": "bamboo",
                    "label": "Bamboo",
                  },
                  Object {
                    "key": "burch",
                    "label": "Burch",
                  },
                  Object {
                    "key": "cherry",
                    "label": "Cherry",
                  },
                  Object {
                    "key": "mahogany",
                    "label": "Mahogany",
                  },
                  Object {
                    "key": "maple",
                    "label": "Maple",
                  },
                  Object {
                    "key": "oak",
                    "label": "Oak",
                  },
                  Object {
                    "key": "painted-wood",
                    "label": "Painted Wood",
                  },
                  Object {
                    "key": "pine",
                    "label": "Pine",
                  },
                  Object {
                    "key": "walnut",
                    "label": "Walnut",
                  },
                ],
                "schemaType": "enum",
              },
              "group": "primary",
              "id": "material",
              "label": "Material",
              "queryParamNames": Array [
                "pub_material",
              ],
              "type": "SelectSingleFilter",
            }
          }
          getHandleChangedValueFn={[Function]}
          idPrefix="SearchFiltersMobile"
          initialValues={[Function]}
          isDesktop={true}
          key="SearchFiltersMobile.material"
          liveEdit={true}
          showAsPopup={false}
          urlQueryParams={Object {}}
        />
        <FilterComponent
          className="filter"
          filterConfig={
            Object {
              "config": Object {
                "options": Array [
                  Object {
                    "key": "black",
                    "label": "Black",
                  },
                  Object {
                    "key": "blue",
                    "label": "Blue",
                  },
                  Object {
                    "key": "green",
                    "label": "Green",
                  },
                  Object {
                    "key": "grey",
                    "label": "Grey",
                  },
                  Object {
                    "key": "orange",
                    "label": "Orange",
                  },
                  Object {
                    "key": "pink",
                    "label": "Pink",
                  },
                  Object {
                    "key": "purple",
                    "label": "Purple",
                  },
                  Object {
                    "key": "red",
                    "label": "Red",
                  },
                  Object {
                    "key": "yellow",
                    "label": "Yellow",
                  },
                  Object {
                    "key": "white",
                    "label": "White",
                  },
                ],
                "schemaType": "enum",
              },
              "group": "primary",
              "id": "color",
              "label": "Color",
              "queryParamNames": Array [
                "pub_color",
              ],
              "type": "SelectSingleFilter",
            }
          }
          getHandleChangedValueFn={[Function]}
          idPrefix="SearchFiltersMobile"
          initialValues={[Function]}
          isDesktop={true}
          key="SearchFiltersMobile.color"
          liveEdit={true}
          showAsPopup={false}
          urlQueryParams={Object {}}
        />
        <FilterComponent
          className="filter"
          filterConfig={
            Object {
              "config": Object {
                "options": Array [
                  Object {
                    "key": "bathroom",
                    "label": "Bathroom",
                  },
                  Object {
                    "key": "bedroom",
                    "label": "Bedroom",
                  },
                  Object {
                    "key": "dining",
                    "label": "Dining",
                  },
                  Object {
                    "key": "outdoor",
                    "label": "Outdoor",
                  },
                  Object {
                    "key": "office",
                    "label": "Office",
                  },
                ],
                "schemaType": "enum",
              },
              "group": "primary",
              "id": "room",
              "label": "Room",
              "queryParamNames": Array [
                "pub_room",
              ],
              "type": "SelectSingleFilter",
            }
          }
          getHandleChangedValueFn={[Function]}
          idPrefix="SearchFiltersMobile"
          initialValues={[Function]}
          isDesktop={true}
          key="SearchFiltersMobile.room"
          liveEdit={true}
          showAsPopup={false}
          urlQueryParams={Object {}}
        />
        <FilterComponent
          className="filter"
          filterConfig={
            Object {
              "config": Object {
                "max": 1000,
                "min": 0,
                "step": 5,
              },
              "group": "primary",
              "id": "price",
              "label": "Price",
              "queryParamNames": Array [
                "price",
              ],
              "type": "PriceFilter",
            }
          }
          getHandleChangedValueFn={[Function]}
          idPrefix="SearchFiltersMobile"
          initialValues={[Function]}
          isDesktop={true}
          key="SearchFiltersMobile.price"
          liveEdit={true}
          showAsPopup={false}
          urlQueryParams={Object {}}
        />
        <button
          className="resetAllButton"
          onClick={[Function]}
        >
          <MemoizedFormattedMessage
            id="SearchFiltersMobile.resetAll"
          />
        </button>
      </div>
    </aside>
    <div
      className="layoutWrapperMain"
      role="main"
    >
      <div
        className="searchResultContainer"
      >
        <injectIntl(withRouter(SearchFiltersMobileComponent))
          className="searchFiltersMobileList"
          isMapVariant={false}
          listingsAreLoaded={true}
          noResultsInfo={null}
          onCloseModal={[Function]}
          onManageDisableScrolling={[Function]}
          onMapIconClick={[Function]}
          onOpenModal={[Function]}
          resetAll={[Function]}
          resultsCount={22}
          searchInProgress={false}
          searchListingsError={null}
          selectedFiltersCount={0}
          showAsModalMaxWidth={768}
          sortByComponent={
            <injectIntl(SortBy)
              contentPlacementOffset={-14}
              hasConflictingFilters={false}
              isConflictingFilterActive={false}
              menuLabelRootClassName="sortByMenuLabel"
              onSelect={[Function]}
              rootClassName="sortBy"
              selectedFilters={Object {}}
              showAsPopup={true}
            />
          }
          urlQueryParams={Object {}}
        >
          <FilterComponent
            filterConfig={
              Object {
                "config": Object {
                  "options": Array [
                    Object {
                      "key": "antique",
                      "label": "Antique",
                    },
                    Object {
                      "key": "contemporary",
                      "label": "Contemporary",
                    },
                    Object {
                      "key": "mid-century-modern",
                      "label": "Mid-Century Modern",
                    },
                    Object {
                      "key": "modern",
                      "label": "Modern",
                    },
                    Object {
                      "key": "traditional",
                      "label": "Traditional",
                    },
                    Object {
                      "key": "vintage",
                      "label": "Vintage",
                    },
                  ],
                  "schemaType": "enum",
                },
                "group": "primary",
                "id": "style",
                "label": "Style",
                "queryParamNames": Array [
                  "pub_style",
                ],
                "type": "SelectSingleFilter",
              }
            }
            getHandleChangedValueFn={[Function]}
            idPrefix="SearchFiltersMobile"
            initialValues={[Function]}
            key="SearchFiltersMobile.style"
            liveEdit={true}
            showAsPopup={false}
            urlQueryParams={Object {}}
          />
          <FilterComponent
            filterConfig={
              Object {
                "config": Object {
                  "options": Array [
                    Object {
                      "key": "bamboo",
                      "label": "Bamboo",
                    },
                    Object {
                      "key": "burch",
                      "label": "Burch",
                    },
                    Object {
                      "key": "cherry",
                      "label": "Cherry",
                    },
                    Object {
                      "key": "mahogany",
                      "label": "Mahogany",
                    },
                    Object {
                      "key": "maple",
                      "label": "Maple",
                    },
                    Object {
                      "key": "oak",
                      "label": "Oak",
                    },
                    Object {
                      "key": "painted-wood",
                      "label": "Painted Wood",
                    },
                    Object {
                      "key": "pine",
                      "label": "Pine",
                    },
                    Object {
                      "key": "walnut",
                      "label": "Walnut",
                    },
                  ],
                  "schemaType": "enum",
                },
                "group": "primary",
                "id": "material",
                "label": "Material",
                "queryParamNames": Array [
                  "pub_material",
                ],
                "type": "SelectSingleFilter",
              }
            }
            getHandleChangedValueFn={[Function]}
            idPrefix="SearchFiltersMobile"
            initialValues={[Function]}
            key="SearchFiltersMobile.material"
            liveEdit={true}
            showAsPopup={false}
            urlQueryParams={Object {}}
          />
          <FilterComponent
            filterConfig={
              Object {
                "config": Object {
                  "options": Array [
                    Object {
                      "key": "black",
                      "label": "Black",
                    },
                    Object {
                      "key": "blue",
                      "label": "Blue",
                    },
                    Object {
                      "key": "green",
                      "label": "Green",
                    },
                    Object {
                      "key": "grey",
                      "label": "Grey",
                    },
                    Object {
                      "key": "orange",
                      "label": "Orange",
                    },
                    Object {
                      "key": "pink",
                      "label": "Pink",
                    },
                    Object {
                      "key": "purple",
                      "label": "Purple",
                    },
                    Object {
                      "key": "red",
                      "label": "Red",
                    },
                    Object {
                      "key": "yellow",
                      "label": "Yellow",
                    },
                    Object {
                      "key": "white",
                      "label": "White",
                    },
                  ],
                  "schemaType": "enum",
                },
                "group": "primary",
                "id": "color",
                "label": "Color",
                "queryParamNames": Array [
                  "pub_color",
                ],
                "type": "SelectSingleFilter",
              }
            }
            getHandleChangedValueFn={[Function]}
            idPrefix="SearchFiltersMobile"
            initialValues={[Function]}
            key="SearchFiltersMobile.color"
            liveEdit={true}
            showAsPopup={false}
            urlQueryParams={Object {}}
          />
          <FilterComponent
            filterConfig={
              Object {
                "config": Object {
                  "options": Array [
                    Object {
                      "key": "bathroom",
                      "label": "Bathroom",
                    },
                    Object {
                      "key": "bedroom",
                      "label": "Bedroom",
                    },
                    Object {
                      "key": "dining",
                      "label": "Dining",
                    },
                    Object {
                      "key": "outdoor",
                      "label": "Outdoor",
                    },
                    Object {
                      "key": "office",
                      "label": "Office",
                    },
                  ],
                  "schemaType": "enum",
                },
                "group": "primary",
                "id": "room",
                "label": "Room",
                "queryParamNames": Array [
                  "pub_room",
                ],
                "type": "SelectSingleFilter",
              }
            }
            getHandleChangedValueFn={[Function]}
            idPrefix="SearchFiltersMobile"
            initialValues={[Function]}
            key="SearchFiltersMobile.room"
            liveEdit={true}
            showAsPopup={false}
            urlQueryParams={Object {}}
          />
          <FilterComponent
            filterConfig={
              Object {
                "config": Object {
                  "max": 1000,
                  "min": 0,
                  "step": 5,
                },
                "group": "primary",
                "id": "price",
                "label": "Price",
                "queryParamNames": Array [
                  "price",
                ],
                "type": "PriceFilter",
              }
            }
            getHandleChangedValueFn={[Function]}
            idPrefix="SearchFiltersMobile"
            initialValues={[Function]}
            key="SearchFiltersMobile.price"
            liveEdit={true}
            showAsPopup={false}
            urlQueryParams={Object {}}
          />
        </injectIntl(withRouter(SearchFiltersMobileComponent))>
        <MainPanelHeader
          className="mainPanel"
          listingsAreLoaded={true}
          noResultsInfo={null}
          resultsCount={22}
          rootClassName={null}
          searchInProgress={false}
          searchListingsError={null}
          sortByComponent={
            <injectIntl(SortBy)
              className="sortByDesktop"
              contentPlacementOffset={-14}
              hasConflictingFilters={false}
              isConflictingFilterActive={false}
              onSelect={[Function]}
              selectedFilters={Object {}}
              showAsPopup={true}
            />
          }
        />
        <div
          className="listings"
        >
          <SearchResultsPanel
            className="searchListingsPanel"
            isMapVariant={false}
            listings={Array []}
            pagination={
              Object {
                "page": 1,
                "perPage": 12,
                "totalItems": 22,
                "totalPages": 2,
              }
            }
            rootClassName={null}
            search={Object {}}
          />
        </div>
      </div>
    </div>
  </div>
  <injectIntl(Footer) />
</Page>
`;
